// Vitest Snapshot v1, https://vitest.dev/guide/snapshot.html

exports[`AzIsLoading > it should match snapshot 1`] = `
<div>
  <div
    class="az-is-loading"
    data-v-9a939c95=""
  />
</div>
`;
